┏━━━━━━━┳━━━━━━━━━┳━━━━━━━━━━┳━━━━━━━━━━━━━━━━━━━━━━━━━━━━━━━━━━━━━━━━━━━━━━━━┳━━━━━━━━━━━━━━┳━━━━━━━━┓
┃ P / R ┃ Partial ┃ Required ┃ Net                                            ┃ Pin          ┃ Layer  ┃
┡━━━━━━━╇━━━━━━━━━╇━━━━━━━━━━╇━━━━━━━━━━━━━━━━━━━━━━━━━━━━━━━━━━━━━━━━━━━━━━━━╇━━━━━━━━━━━━━━╇━━━━━━━━┩
│ 2.58  │ 515.91  │ 200.00   │ u_nqx.u_core.g_cordic_pipe.u_cordic.in_tag[3\] │ _65784_/D    │ Metal3 │
│ 2.15  │ 429.50  │ 200.00   │ in_bus[1\]                                     │ _53755_/A    │ Metal3 │
│ 2.11  │ 422.79  │ 200.00   │ _05867_                                        │ fanout3493/A │ Metal4 │
│ 2.10  │ 420.42  │ 200.00   │ in_bus[4\]                                     │ _53759_/A1   │ Metal5 │
│ 2.09  │ 417.59  │ 200.00   │ in_bus[0\]                                     │ _53753_/A    │ Metal3 │
│ 1.96  │ 392.39  │ 200.00   │ in_bus[3\]                                     │ _53758_/A1   │ Metal3 │
│ 1.96  │ 391.02  │ 200.00   │ in_bus[2\]                                     │ _53757_/A1   │ Metal3 │
│ 1.94  │ 387.34  │ 200.00   │ in_bus[7\]                                     │ _53762_/A    │ Metal5 │
│ 1.91  │ 382.22  │ 200.00   │ in_bus[5\]                                     │ _53760_/A1   │ Metal5 │
│ 1.91  │ 382.22  │ 200.00   │ in_bus[6\]                                     │ _53761_/A1   │ Metal5 │
│ 1.88  │ 375.40  │ 200.00   │ _23151_                                        │ fanout188/A  │ Metal4 │
│ 1.60  │ 319.19  │ 200.00   │ net4740                                        │ fanout4727/A │ Metal4 │
│ 1.56  │ 311.45  │ 200.00   │ _23058_                                        │ fanout2503/A │ Metal3 │
│ 1.56  │ 311.33  │ 200.00   │ _23179_                                        │ fanout4603/A │ Metal4 │
│ 1.56  │ 311.22  │ 200.00   │ _14704_                                        │ fanout2731/A │ Metal4 │
│ 1.56  │ 311.19  │ 200.00   │ _00175_                                        │ _64161_/D    │ Metal2 │
│ 1.55  │ 310.01  │ 200.00   │ net2487                                        │ _52056_/A    │ Metal4 │
│ 1.53  │ 306.71  │ 200.00   │ net4806                                        │ fanout4800/A │ Metal2 │
│ 1.53  │ 306.12  │ 200.00   │ in_req                                         │ _65827_/D    │ Metal2 │
│ 1.46  │ 291.20  │ 200.00   │ u_nqx.u_core.g_cordic_pipe.u_cordic.in_tag[5\] │ _65786_/D    │ Metal3 │
│ 1.44  │ 287.32  │ 200.00   │ net4806                                        │ fanout4788/A │ Metal4 │
│ 1.36  │ 271.80  │ 200.00   │ net4740                                        │ fanout4728/A │ Metal4 │
│ 1.36  │ 271.60  │ 200.00   │ net292                                         │ fanout288/A  │ Metal3 │
│ 1.26  │ 251.61  │ 200.00   │ out_ack                                        │ _65825_/D    │ Metal3 │
│ 1.26  │ 251.29  │ 200.00   │ _23303_                                        │ fanout1834/A │ Metal4 │
│ 1.26  │ 251.29  │ 200.00   │ _23303_                                        │ fanout1835/A │ Metal4 │
│ 1.24  │ 247.47  │ 200.00   │ _23092_                                        │ fanout341/A  │ Metal4 │
│ 1.24  │ 247.47  │ 200.00   │ _23092_                                        │ fanout351/A  │ Metal4 │
│ 1.20  │ 239.74  │ 200.00   │ net2562                                        │ fanout2558/A │ Metal3 │
│ 1.16  │ 231.53  │ 200.00   │ net3649                                        │ fanout3609/A │ Metal4 │
│ 1.15  │ 229.57  │ 200.00   │ _23038_                                        │ fanout2562/A │ Metal2 │
│ 1.15  │ 229.57  │ 200.00   │ _23038_                                        │ fanout2572/A │ Metal2 │
│ 1.11  │ 222.79  │ 200.00   │ net6935                                        │ _64194_/D    │ Metal2 │
│ 1.10  │ 219.99  │ 200.00   │ _00159_                                        │ _64164_/D    │ Metal2 │
│ 1.09  │ 217.33  │ 200.00   │ _00249_                                        │ _64664_/D    │ Metal2 │
│ 1.04  │ 207.87  │ 200.00   │ net406                                         │ fanout405/A  │ Metal3 │
│ 1.04  │ 207.85  │ 200.00   │ net4893                                        │ fanout4892/A │ Metal3 │
│ 1.00  │ 199.88  │ 200.00   │ net171                                         │ fanout167/A  │ Metal3 │
│ 0.98  │ 195.73  │ 200.00   │ net2694                                        │ fanout2678/A │ Metal3 │
│ 0.98  │ 195.73  │ 200.00   │ net2694                                        │ fanout2683/A │ Metal3 │
│ 0.97  │ 193.72  │ 200.00   │ _18873_                                        │ _45216_/B    │ Metal4 │
│ 0.88  │ 175.75  │ 200.00   │ net127                                         │ fanout121/A  │ Metal4 │
│ 0.86  │ 172.21  │ 200.00   │ net2530                                        │ fanout2519/A │ Metal5 │
│ 0.84  │ 167.56  │ 200.00   │ net144                                         │ fanout140/A  │ Metal4 │
│ 0.84  │ 167.56  │ 200.00   │ net144                                         │ fanout141/A  │ Metal4 │
│ 0.76  │ 151.68  │ 200.00   │ net264                                         │ fanout252/A  │ Metal4 │
│ 0.62  │ 123.74  │ 200.00   │ net3593                                        │ fanout3582/A │ Metal4 │
│ 0.61  │ 122.34  │ 200.00   │ net66                                          │ fanout50/A   │ Metal4 │
│ 0.61  │ 122.34  │ 200.00   │ net66                                          │ fanout55/A   │ Metal4 │
│ 0.58  │ 116.20  │ 200.00   │ net297                                         │ fanout293/A  │ Metal3 │
│ 0.41  │ 82.77   │ 200.00   │ net111                                         │ fanout108/A  │ Metal4 │
│ 0.40  │ 80.35   │ 200.00   │ net4806                                        │ fanout4800/A │ Metal3 │
│ 0.37  │ 74.18   │ 200.00   │ net2485                                        │ _49671_/B    │ Metal5 │
│ 0.37  │ 74.18   │ 200.00   │ net2485                                        │ _52159_/A    │ Metal5 │
│ 0.32  │ 64.51   │ 200.00   │ net4556                                        │ fanout4552/A │ Metal3 │
│ 0.28  │ 56.02   │ 200.00   │ net4893                                        │ fanout4892/A │ Metal4 │
│ 0.24  │ 48.25   │ 200.00   │ net4806                                        │ fanout4800/A │ Metal4 │
│ 0.08  │ 15.73   │ 200.00   │ in_req                                         │ _65827_/D    │ Metal3 │
│ 0.07  │ 14.28   │ 200.00   │ _00159_                                        │ _64164_/D    │ Metal3 │
│ 0.04  │ 8.79    │ 200.00   │ net3593                                        │ fanout3582/A │ Metal5 │
│ 0.04  │ 8.40    │ 200.00   │ net171                                         │ fanout167/A  │ Metal4 │
│ 0.00  │ 0.66    │ 200.00   │ _23038_                                        │ fanout2562/A │ Metal3 │
│ 0.00  │ 0.66    │ 200.00   │ _23038_                                        │ fanout2572/A │ Metal3 │
└───────┴─────────┴──────────┴────────────────────────────────────────────────┴──────────────┴────────┘
