
===========================================================================
 report_power
============================================================================
======================= nom_typ_1p20V_25C Corner ===================================

Group                    Internal    Switching      Leakage        Total
                            Power        Power        Power        Power (Watts)
------------------------------------------------------------------------
Sequential           1.060324e-03 6.372937e-05 2.678491e-06 1.126732e-03  24.4%
Combinational        1.264969e-03 1.879751e-03 5.102078e-06 3.149823e-03  68.2%
Clock                1.120469e-04 1.373601e-04 2.191743e-05 2.713245e-04   5.9%
Macro                0.000000e+00 0.000000e+00 0.000000e+00 0.000000e+00   0.0%
Pad                  6.877480e-05 4.903881e-06 1.529993e-08 7.369398e-05   1.6%
------------------------------------------------------------------------
Total                2.506099e-03 2.085737e-03 2.971897e-05 4.621556e-03 100.0%
                            54.2%        45.1%         0.6%

