
===========================================================================
 report_power
============================================================================
======================= nom_fast_1p32V_m40C Corner ===================================

Group                    Internal    Switching      Leakage        Total
                            Power        Power        Power        Power (Watts)
------------------------------------------------------------------------
Sequential           1.289793e-03 8.071116e-05 5.773782e-06 1.376278e-03  23.6%
Combinational        1.572923e-03 2.376658e-03 1.255823e-05 3.962140e-03  68.0%
Clock                1.438175e-04 1.737226e-04 8.055964e-05 3.980997e-04   6.8%
Macro                0.000000e+00 0.000000e+00 0.000000e+00 0.000000e+00   0.0%
Pad                  8.333673e-05 5.933196e-06 2.635961e-08 8.929629e-05   1.5%
------------------------------------------------------------------------
Total                3.089880e-03 2.637013e-03 9.891868e-05 5.825812e-03 100.0%
                            53.0%        45.3%         1.7%

